// Jest Snapshot v1, https://goo.gl/fbAQLP

exports[`BackToTop button should render 1`] = `<DocumentFragment />`;
