// Jest Snapshot v1, https://goo.gl/fbAQLP

exports[`SideNav should display nav links 1`] = `
<DocumentFragment>
  <div
    class="sidenav"
    id="mySidenav"
  >
    <div
      class="sidenav-auth-buttons"
    >
      <button
        class="btn btn-default btn-raised cancel-button btn"
        data-target="#LoginFormModal"
        data-toggle="modal"
        id="login-button"
        type="button"
      >
        Login
      </button>
      <button
        class="btn btn-primary btn-raised text-case login-button"
        data-target="#SignUpFormModal"
        data-toggle="modal"
        id="signup-button"
        type="button"
      >
        Signup
      </button>
    </div>
    <div>
      <a
        class="
              dropdown-item sidebar-navlink
              false
            "
        href="/books"
      >
        All Books
      </a>
    </div>
    <div>
      <a
        class="
              dropdown-item sidebar-navlink
              blur
            "
        href="/my-books"
      >
        My Books
      </a>
    </div>
    <div>
      <a
        class="
              dropdown-item sidebar-navlink
              blur
            "
        href="/my-favorites"
      >
        My Favorites
      </a>
    </div>
    <div>
      <a
        class="
              dropdown-item sidebar-navlink
              blur
            "
        href="/my-profile"
      >
        My Profile
      </a>
    </div>
  </div>
</DocumentFragment>
`;
