// Jest Snapshot v1, https://goo.gl/fbAQLP

exports[`Users should render 1`] = `
<DocumentFragment>
  <div
    class="container-content"
  >
    <div
      class="admin-panel"
    >
      <div
        class="admin-panel__header"
      >
        <h3>
          Users
        </h3>
        <div>
          <div
            class="ant-select ant-select-enabled"
          >
            <div
              aria-autocomplete="list"
              aria-controls="test-uuid"
              aria-expanded="false"
              aria-haspopup="true"
              class="ant-select-selection
            ant-select-selection--single"
              role="combobox"
              tabindex="0"
            >
              <div
                class="ant-select-selection__rendered"
              >
                <div
                  class="ant-select-selection-selected-value"
                  style="display: block; opacity: 1;"
                  title="Filter (All)"
                >
                  Filter (All)
                </div>
              </div>
              <span
                class="ant-select-arrow"
                style="user-select: none;"
                unselectable="on"
              >
                <i
                  aria-label="icon: down"
                  class="anticon anticon-down ant-select-arrow-icon"
                >
                  <svg
                    aria-hidden="true"
                    class=""
                    data-icon="down"
                    fill="currentColor"
                    focusable="false"
                    height="1em"
                    viewBox="64 64 896 896"
                    width="1em"
                  >
                    <path
                      d="M884 256h-75c-5.1 0-9.9 2.5-12.9 6.6L512 654.2 227.9 262.6c-3-4.1-7.8-6.6-12.9-6.6h-75c-6.5 0-10.3 7.4-6.5 12.7l352.6 486.1c12.8 17.6 39 17.6 51.7 0l352.6-486.1c3.9-5.3.1-12.7-6.4-12.7z"
                    />
                  </svg>
                </i>
              </span>
            </div>
          </div>
          <button
            class="btn btn-primary btn-raised"
            data-target="#AddAdminModal"
            data-toggle="modal"
            type="button"
          >
            Add Admin
          </button>
        </div>
      </div>
      <span
        class="table-spinner"
      >
        <div
          data-testid="loading-indicator"
        >
          <div
            class="ant-spin ant-spin-spinning"
          >
            <i
              aria-label="icon: loading"
              class="anticon anticon-loading ant-spin-dot"
              style="font-size: 45px; color: rgb(0, 92, 151);"
            >
              <svg
                aria-hidden="true"
                class="anticon-spin"
                data-icon="loading"
                fill="currentColor"
                focusable="false"
                height="1em"
                viewBox="0 0 1024 1024"
                width="1em"
              >
                <path
                  d="M988 548c-19.9 0-36-16.1-36-36 0-59.4-11.6-117-34.6-171.3a440.45 440.45 0 0 0-94.3-139.9 437.71 437.71 0 0 0-139.9-94.3C629 83.6 571.4 72 512 72c-19.9 0-36-16.1-36-36s16.1-36 36-36c69.1 0 136.2 13.5 199.3 40.3C772.3 66 827 103 874 150c47 47 83.9 101.8 109.7 162.7 26.7 63.1 40.2 130.2 40.2 199.3.1 19.9-16 36-35.9 36z"
                />
              </svg>
            </i>
          </div>
        </div>
      </span>
      <div
        class="admin-panel"
      >
        <div
          aria-hidden="true"
          aria-labelledby="Add admin modal"
          class="modal fade"
          data-testid="add-admin-modal"
          id="AddAdminModal"
          role="dialog"
          tabindex="-1"
        >
          <div
            class="modal-dialog modal-dialog-centered"
            role="document"
          >
            <div
              class="modal-content"
            >
              <div
                class="modal-header"
              >
                <h5
                  class="modal-title"
                >
                  Add Admin
                </h5>
                <button
                  aria-label="Close"
                  class="close"
                  data-dismiss="modal"
                  id="close-user"
                  type="button"
                >
                  <span
                    aria-hidden="true"
                  >
                    Ã—
                  </span>
                </button>
              </div>
              <div
                class="modal-body"
              >
                <form
                  class="add-admin-form"
                >
                  <div
                    class="form-group"
                  >
                    <label
                      class="bmd-label-floating"
                      for="admin-email"
                    >
                      User Email
                    </label>
                    <input
                      class="form-control"
                      id="admin-email"
                      type="email"
                    />
                  </div>
                </form>
              </div>
              <div
                class="modal-footer"
              >
                <button
                  class="btn btn-default btn-raised cancel-button"
                  data-dismiss="modal"
                  type="button"
                >
                  Close
                </button>
                <button
                  class="btn btn-primary btn-raised text-case add-admin"
                  data-testid="add-admin-button"
                  type="button"
                >
                  Add Admin
                </button>
              </div>
            </div>
          </div>
        </div>
      </div>
    </div>
  </div>
</DocumentFragment>
`;
